mode: atomic
github.com/stas-tsarev/dz1_order_service/order/internal/repository/model/order.go:13.33,14.11 1 0
github.com/stas-tsarev/dz1_order_service/order/internal/repository/model/order.go:15.42,16.46 1 0
github.com/stas-tsarev/dz1_order_service/order/internal/repository/model/order.go:17.27,18.31 1 0
github.com/stas-tsarev/dz1_order_service/order/internal/repository/model/order.go:19.26,20.30 1 0
github.com/stas-tsarev/dz1_order_service/order/internal/repository/model/order.go:21.34,22.38 1 0
github.com/stas-tsarev/dz1_order_service/order/internal/repository/model/order.go:23.37,24.41 1 0
github.com/stas-tsarev/dz1_order_service/order/internal/repository/model/order.go:26.2,26.45 1 0
github.com/stas-tsarev/dz1_order_service/order/internal/repository/order/cancelOrder.go:9.77,14.9 4 0
github.com/stas-tsarev/dz1_order_service/order/internal/repository/order/cancelOrder.go:14.9,16.3 1 0
github.com/stas-tsarev/dz1_order_service/order/internal/repository/order/cancelOrder.go:18.2,18.28 1 0
github.com/stas-tsarev/dz1_order_service/order/internal/repository/order/cancelOrder.go:18.28,20.3 1 0
github.com/stas-tsarev/dz1_order_service/order/internal/repository/order/cancelOrder.go:22.2,25.12 3 0
github.com/stas-tsarev/dz1_order_service/order/internal/repository/order/createOrder.go:10.135,27.2 5 0
github.com/stas-tsarev/dz1_order_service/order/internal/repository/order/getOrder.go:10.89,15.9 4 0
github.com/stas-tsarev/dz1_order_service/order/internal/repository/order/getOrder.go:15.9,17.3 1 0
github.com/stas-tsarev/dz1_order_service/order/internal/repository/order/getOrder.go:19.2,19.19 1 0
github.com/stas-tsarev/dz1_order_service/order/internal/repository/order/payOrder.go:10.120,16.9 4 0
github.com/stas-tsarev/dz1_order_service/order/internal/repository/order/payOrder.go:16.9,18.3 1 0
github.com/stas-tsarev/dz1_order_service/order/internal/repository/order/payOrder.go:20.2,29.12 2 0
github.com/stas-tsarev/dz1_order_service/order/internal/repository/order/repository.go:17.34,21.2 1 0
github.com/stas-tsarev/dz1_order_service/order/internal/service/converter/order.go:8.65,18.2 1 2
github.com/stas-tsarev/dz1_order_service/order/internal/service/order/cancelOrder.go:10.76,13.16 2 3
github.com/stas-tsarev/dz1_order_service/order/internal/service/order/cancelOrder.go:13.16,14.46 1 2
github.com/stas-tsarev/dz1_order_service/order/internal/service/order/cancelOrder.go:14.46,16.4 1 1
github.com/stas-tsarev/dz1_order_service/order/internal/service/order/cancelOrder.go:17.3,17.41 1 1
github.com/stas-tsarev/dz1_order_service/order/internal/service/order/cancelOrder.go:17.41,19.4 1 1
github.com/stas-tsarev/dz1_order_service/order/internal/service/order/cancelOrder.go:21.2,21.12 1 1
github.com/stas-tsarev/dz1_order_service/order/internal/service/order/createOrder.go:10.114,19.48 2 2
github.com/stas-tsarev/dz1_order_service/order/internal/service/order/createOrder.go:19.48,21.3 1 1
github.com/stas-tsarev/dz1_order_service/order/internal/service/order/createOrder.go:23.2,24.29 2 1
github.com/stas-tsarev/dz1_order_service/order/internal/service/order/createOrder.go:24.29,26.3 1 3
github.com/stas-tsarev/dz1_order_service/order/internal/service/order/createOrder.go:28.2,30.35 2 1
github.com/stas-tsarev/dz1_order_service/order/internal/service/order/getOrder.go:11.88,13.16 2 2
github.com/stas-tsarev/dz1_order_service/order/internal/service/order/getOrder.go:13.16,15.3 1 1
github.com/stas-tsarev/dz1_order_service/order/internal/service/order/getOrder.go:17.2,17.54 1 1
github.com/stas-tsarev/dz1_order_service/order/internal/service/order/payOrder.go:9.122,11.16 2 3
github.com/stas-tsarev/dz1_order_service/order/internal/service/order/payOrder.go:11.16,13.3 1 1
github.com/stas-tsarev/dz1_order_service/order/internal/service/order/payOrder.go:15.2,16.16 2 2
github.com/stas-tsarev/dz1_order_service/order/internal/service/order/payOrder.go:16.16,18.3 1 1
github.com/stas-tsarev/dz1_order_service/order/internal/service/order/payOrder.go:19.2,19.29 1 1
github.com/stas-tsarev/dz1_order_service/order/internal/service/order/service.go:21.45,27.2 1 10
github.com/stas-tsarev/dz1_order_service/order/internal/service/converter/order.go:8.65,18.2 1 0
github.com/stas-tsarev/dz1_order_service/order/internal/repository/model/order.go:13.33,14.11 1 0
github.com/stas-tsarev/dz1_order_service/order/internal/repository/model/order.go:15.42,16.46 1 0
github.com/stas-tsarev/dz1_order_service/order/internal/repository/model/order.go:17.27,18.31 1 0
github.com/stas-tsarev/dz1_order_service/order/internal/repository/model/order.go:19.26,20.30 1 0
github.com/stas-tsarev/dz1_order_service/order/internal/repository/model/order.go:21.34,22.38 1 0
github.com/stas-tsarev/dz1_order_service/order/internal/repository/model/order.go:23.37,24.41 1 0
github.com/stas-tsarev/dz1_order_service/order/internal/repository/model/order.go:26.2,26.45 1 0
github.com/stas-tsarev/dz1_order_service/order/internal/repository/order/cancelOrder.go:9.77,14.9 4 0
github.com/stas-tsarev/dz1_order_service/order/internal/repository/order/cancelOrder.go:14.9,16.3 1 0
github.com/stas-tsarev/dz1_order_service/order/internal/repository/order/cancelOrder.go:18.2,18.28 1 0
github.com/stas-tsarev/dz1_order_service/order/internal/repository/order/cancelOrder.go:18.28,20.3 1 0
github.com/stas-tsarev/dz1_order_service/order/internal/repository/order/cancelOrder.go:22.2,25.12 3 0
github.com/stas-tsarev/dz1_order_service/order/internal/repository/order/createOrder.go:10.135,27.2 5 0
github.com/stas-tsarev/dz1_order_service/order/internal/repository/order/getOrder.go:10.89,15.9 4 0
github.com/stas-tsarev/dz1_order_service/order/internal/repository/order/getOrder.go:15.9,17.3 1 0
github.com/stas-tsarev/dz1_order_service/order/internal/repository/order/getOrder.go:19.2,19.19 1 0
github.com/stas-tsarev/dz1_order_service/order/internal/repository/order/payOrder.go:10.120,16.9 4 0
github.com/stas-tsarev/dz1_order_service/order/internal/repository/order/payOrder.go:16.9,18.3 1 0
github.com/stas-tsarev/dz1_order_service/order/internal/repository/order/payOrder.go:20.2,29.12 2 0
github.com/stas-tsarev/dz1_order_service/order/internal/repository/order/repository.go:17.34,21.2 1 0
github.com/stas-tsarev/dz1_order_service/payment/internal/service/payment/payOrder.go:11.84,16.2 3 1
github.com/stas-tsarev/dz1_order_service/payment/internal/service/payment/service.go:9.28,11.2 1 1
github.com/stas-tsarev/dz1_order_service/inventory/internal/repository/inventory/createPart.go:11.93,27.2 6 0
github.com/stas-tsarev/dz1_order_service/inventory/internal/repository/inventory/getPart.go:9.82,14.9 4 0
github.com/stas-tsarev/dz1_order_service/inventory/internal/repository/inventory/getPart.go:14.9,16.3 1 0
github.com/stas-tsarev/dz1_order_service/inventory/internal/repository/inventory/getPart.go:18.2,18.22 1 0
github.com/stas-tsarev/dz1_order_service/inventory/internal/repository/inventory/listParts.go:9.100,14.30 4 0
github.com/stas-tsarev/dz1_order_service/inventory/internal/repository/inventory/listParts.go:14.30,16.3 1 0
github.com/stas-tsarev/dz1_order_service/inventory/internal/repository/inventory/listParts.go:18.2,18.19 1 0
github.com/stas-tsarev/dz1_order_service/inventory/internal/repository/inventory/listParts.go:18.19,20.3 1 0
github.com/stas-tsarev/dz1_order_service/inventory/internal/repository/inventory/listParts.go:22.2,26.22 1 0
github.com/stas-tsarev/dz1_order_service/inventory/internal/repository/inventory/listParts.go:26.22,28.3 1 0
github.com/stas-tsarev/dz1_order_service/inventory/internal/repository/inventory/listParts.go:30.2,30.44 1 0
github.com/stas-tsarev/dz1_order_service/inventory/internal/repository/inventory/listParts.go:30.44,32.37 2 0
github.com/stas-tsarev/dz1_order_service/inventory/internal/repository/inventory/listParts.go:32.37,34.4 1 0
github.com/stas-tsarev/dz1_order_service/inventory/internal/repository/inventory/listParts.go:35.3,36.30 2 0
github.com/stas-tsarev/dz1_order_service/inventory/internal/repository/inventory/listParts.go:36.30,37.26 1 0
github.com/stas-tsarev/dz1_order_service/inventory/internal/repository/inventory/listParts.go:37.26,39.5 1 0
github.com/stas-tsarev/dz1_order_service/inventory/internal/repository/inventory/listParts.go:41.3,41.17 1 0
github.com/stas-tsarev/dz1_order_service/inventory/internal/repository/inventory/listParts.go:44.2,44.44 1 0
github.com/stas-tsarev/dz1_order_service/inventory/internal/repository/inventory/listParts.go:44.44,46.37 2 0
github.com/stas-tsarev/dz1_order_service/inventory/internal/repository/inventory/listParts.go:46.37,48.4 1 0
github.com/stas-tsarev/dz1_order_service/inventory/internal/repository/inventory/listParts.go:49.3,50.30 2 0
github.com/stas-tsarev/dz1_order_service/inventory/internal/repository/inventory/listParts.go:50.30,51.31 1 0
github.com/stas-tsarev/dz1_order_service/inventory/internal/repository/inventory/listParts.go:51.31,53.5 1 0
github.com/stas-tsarev/dz1_order_service/inventory/internal/repository/inventory/listParts.go:55.3,55.17 1 0
github.com/stas-tsarev/dz1_order_service/inventory/internal/repository/inventory/listParts.go:58.2,58.52 1 0
github.com/stas-tsarev/dz1_order_service/inventory/internal/repository/inventory/listParts.go:58.52,60.46 2 0
github.com/stas-tsarev/dz1_order_service/inventory/internal/repository/inventory/listParts.go:60.46,62.4 1 0
github.com/stas-tsarev/dz1_order_service/inventory/internal/repository/inventory/listParts.go:63.3,64.30 2 0
github.com/stas-tsarev/dz1_order_service/inventory/internal/repository/inventory/listParts.go:64.30,65.48 1 0
github.com/stas-tsarev/dz1_order_service/inventory/internal/repository/inventory/listParts.go:65.48,67.5 1 0
github.com/stas-tsarev/dz1_order_service/inventory/internal/repository/inventory/listParts.go:69.3,69.17 1 0
github.com/stas-tsarev/dz1_order_service/inventory/internal/repository/inventory/listParts.go:72.2,72.60 1 0
github.com/stas-tsarev/dz1_order_service/inventory/internal/repository/inventory/listParts.go:72.60,74.56 2 0
github.com/stas-tsarev/dz1_order_service/inventory/internal/repository/inventory/listParts.go:74.56,76.4 1 0
github.com/stas-tsarev/dz1_order_service/inventory/internal/repository/inventory/listParts.go:77.3,78.30 2 0
github.com/stas-tsarev/dz1_order_service/inventory/internal/repository/inventory/listParts.go:78.30,79.50 1 0
github.com/stas-tsarev/dz1_order_service/inventory/internal/repository/inventory/listParts.go:79.50,81.5 1 0
github.com/stas-tsarev/dz1_order_service/inventory/internal/repository/inventory/listParts.go:83.3,83.17 1 0
github.com/stas-tsarev/dz1_order_service/inventory/internal/repository/inventory/listParts.go:86.2,86.43 1 0
github.com/stas-tsarev/dz1_order_service/inventory/internal/repository/inventory/listParts.go:86.43,88.35 2 0
github.com/stas-tsarev/dz1_order_service/inventory/internal/repository/inventory/listParts.go:88.35,90.4 1 0
github.com/stas-tsarev/dz1_order_service/inventory/internal/repository/inventory/listParts.go:91.3,92.30 2 0
github.com/stas-tsarev/dz1_order_service/inventory/internal/repository/inventory/listParts.go:92.30,93.36 1 0
github.com/stas-tsarev/dz1_order_service/inventory/internal/repository/inventory/listParts.go:93.36,94.36 1 0
github.com/stas-tsarev/dz1_order_service/inventory/internal/repository/inventory/listParts.go:94.36,96.11 2 0
github.com/stas-tsarev/dz1_order_service/inventory/internal/repository/inventory/listParts.go:100.3,100.17 1 0
github.com/stas-tsarev/dz1_order_service/inventory/internal/repository/inventory/listParts.go:103.2,103.21 1 0
github.com/stas-tsarev/dz1_order_service/inventory/internal/repository/inventory/listParts.go:103.21,105.3 1 0
github.com/stas-tsarev/dz1_order_service/inventory/internal/repository/inventory/listParts.go:107.2,107.19 1 0
github.com/stas-tsarev/dz1_order_service/inventory/internal/repository/inventory/repository.go:17.34,21.2 1 0
github.com/stas-tsarev/dz1_order_service/inventory/internal/repository/model/inventory.go:16.45,18.2 1 0
github.com/stas-tsarev/dz1_order_service/inventory/internal/repository/model/inventory.go:20.39,22.2 1 0
github.com/stas-tsarev/dz1_order_service/inventory/internal/repository/model/inventory.go:29.44,31.2 1 0
github.com/stas-tsarev/dz1_order_service/inventory/internal/repository/model/inventory.go:33.38,35.2 1 0
github.com/stas-tsarev/dz1_order_service/inventory/internal/repository/model/inventory.go:42.45,44.2 1 0
github.com/stas-tsarev/dz1_order_service/inventory/internal/repository/model/inventory.go:46.39,48.2 1 0
github.com/stas-tsarev/dz1_order_service/inventory/internal/repository/model/inventory.go:55.43,57.2 1 0
github.com/stas-tsarev/dz1_order_service/inventory/internal/repository/model/inventory.go:59.37,61.2 1 0
github.com/stas-tsarev/dz1_order_service/inventory/internal/repository/model/inventory.go:73.35,74.11 1 24
github.com/stas-tsarev/dz1_order_service/inventory/internal/repository/model/inventory.go:75.36,76.40 1 4
github.com/stas-tsarev/dz1_order_service/inventory/internal/repository/model/inventory.go:77.23,78.27 1 8
github.com/stas-tsarev/dz1_order_service/inventory/internal/repository/model/inventory.go:79.21,80.25 1 4
github.com/stas-tsarev/dz1_order_service/inventory/internal/repository/model/inventory.go:81.25,82.29 1 4
github.com/stas-tsarev/dz1_order_service/inventory/internal/repository/model/inventory.go:83.21,84.25 1 4
github.com/stas-tsarev/dz1_order_service/inventory/internal/repository/model/inventory.go:86.2,86.39 1 0
github.com/stas-tsarev/dz1_order_service/inventory/internal/service/converter/inventory.go:12.84,14.2 1 6
github.com/stas-tsarev/dz1_order_service/inventory/internal/service/converter/inventory.go:16.94,18.2 1 6
github.com/stas-tsarev/dz1_order_service/inventory/internal/service/converter/inventory.go:20.104,22.2 1 6
github.com/stas-tsarev/dz1_order_service/inventory/internal/service/converter/inventory.go:24.69,26.2 1 0
github.com/stas-tsarev/dz1_order_service/inventory/internal/service/converter/inventory.go:28.96,30.35 2 6
github.com/stas-tsarev/dz1_order_service/inventory/internal/service/converter/inventory.go:30.35,32.3 1 0
github.com/stas-tsarev/dz1_order_service/inventory/internal/service/converter/inventory.go:34.2,34.20 1 6
github.com/stas-tsarev/dz1_order_service/inventory/internal/service/converter/inventory.go:37.84,49.2 1 6
github.com/stas-tsarev/dz1_order_service/inventory/internal/service/converter/inventory.go:51.64,58.2 1 6
github.com/stas-tsarev/dz1_order_service/inventory/internal/service/converter/inventory.go:64.87,66.2 1 12
github.com/stas-tsarev/dz1_order_service/inventory/internal/service/converter/inventory.go:68.97,70.2 1 4
github.com/stas-tsarev/dz1_order_service/inventory/internal/service/converter/inventory.go:72.107,74.2 1 4
github.com/stas-tsarev/dz1_order_service/inventory/internal/service/converter/inventory.go:76.72,78.2 1 0
github.com/stas-tsarev/dz1_order_service/inventory/internal/service/converter/inventory.go:80.96,82.35 2 4
github.com/stas-tsarev/dz1_order_service/inventory/internal/service/converter/inventory.go:82.35,84.3 1 0
github.com/stas-tsarev/dz1_order_service/inventory/internal/service/converter/inventory.go:86.2,86.20 1 4
github.com/stas-tsarev/dz1_order_service/inventory/internal/service/converter/inventory.go:89.83,101.2 1 4
github.com/stas-tsarev/dz1_order_service/inventory/internal/service/converter/inventory.go:103.89,105.52 2 4
github.com/stas-tsarev/dz1_order_service/inventory/internal/service/converter/inventory.go:105.52,107.3 1 8
github.com/stas-tsarev/dz1_order_service/inventory/internal/service/converter/inventory.go:109.2,115.3 1 4
github.com/stas-tsarev/dz1_order_service/inventory/internal/service/inventory/createPart.go:11.92,13.16 2 2
github.com/stas-tsarev/dz1_order_service/inventory/internal/service/inventory/createPart.go:13.16,16.3 2 1
github.com/stas-tsarev/dz1_order_service/inventory/internal/service/inventory/createPart.go:18.2,19.21 2 1
github.com/stas-tsarev/dz1_order_service/inventory/internal/service/inventory/getPart.go:11.79,13.16 2 2
github.com/stas-tsarev/dz1_order_service/inventory/internal/service/inventory/getPart.go:13.16,16.3 2 1
github.com/stas-tsarev/dz1_order_service/inventory/internal/service/inventory/getPart.go:18.2,19.51 2 1
github.com/stas-tsarev/dz1_order_service/inventory/internal/service/inventory/listParts.go:11.99,13.16 2 2
github.com/stas-tsarev/dz1_order_service/inventory/internal/service/inventory/listParts.go:13.16,16.3 2 1
github.com/stas-tsarev/dz1_order_service/inventory/internal/service/inventory/listParts.go:18.2,20.29 3 1
github.com/stas-tsarev/dz1_order_service/inventory/internal/service/inventory/listParts.go:20.29,22.3 1 2
github.com/stas-tsarev/dz1_order_service/inventory/internal/service/inventory/listParts.go:24.2,24.20 1 1
github.com/stas-tsarev/dz1_order_service/inventory/internal/service/inventory/service.go:14.72,18.2 1 6
github.com/stas-tsarev/dz1_order_service/inventory/internal/service/model/inventory.go:16.45,18.2 1 0
github.com/stas-tsarev/dz1_order_service/inventory/internal/service/model/inventory.go:20.39,22.2 1 0
github.com/stas-tsarev/dz1_order_service/inventory/internal/service/model/inventory.go:29.44,31.2 1 0
github.com/stas-tsarev/dz1_order_service/inventory/internal/service/model/inventory.go:33.38,35.2 1 0
github.com/stas-tsarev/dz1_order_service/inventory/internal/service/model/inventory.go:42.45,44.2 1 0
github.com/stas-tsarev/dz1_order_service/inventory/internal/service/model/inventory.go:46.39,48.2 1 0
github.com/stas-tsarev/dz1_order_service/inventory/internal/service/model/inventory.go:55.43,57.2 1 0
github.com/stas-tsarev/dz1_order_service/inventory/internal/service/model/inventory.go:59.37,61.2 1 0
github.com/stas-tsarev/dz1_order_service/inventory/internal/service/model/inventory.go:73.35,74.11 1 0
github.com/stas-tsarev/dz1_order_service/inventory/internal/service/model/inventory.go:75.36,76.40 1 0
github.com/stas-tsarev/dz1_order_service/inventory/internal/service/model/inventory.go:77.23,78.27 1 0
github.com/stas-tsarev/dz1_order_service/inventory/internal/service/model/inventory.go:79.21,80.25 1 0
github.com/stas-tsarev/dz1_order_service/inventory/internal/service/model/inventory.go:81.25,82.29 1 0
github.com/stas-tsarev/dz1_order_service/inventory/internal/service/model/inventory.go:83.21,84.25 1 0
github.com/stas-tsarev/dz1_order_service/inventory/internal/service/model/inventory.go:86.2,86.39 1 0
github.com/stas-tsarev/dz1_order_service/inventory/internal/service/converter/inventory.go:12.84,14.2 1 0
github.com/stas-tsarev/dz1_order_service/inventory/internal/service/converter/inventory.go:16.94,18.2 1 0
github.com/stas-tsarev/dz1_order_service/inventory/internal/service/converter/inventory.go:20.104,22.2 1 0
github.com/stas-tsarev/dz1_order_service/inventory/internal/service/converter/inventory.go:24.69,26.2 1 0
github.com/stas-tsarev/dz1_order_service/inventory/internal/service/converter/inventory.go:28.96,30.35 2 0
github.com/stas-tsarev/dz1_order_service/inventory/internal/service/converter/inventory.go:30.35,32.3 1 0
github.com/stas-tsarev/dz1_order_service/inventory/internal/service/converter/inventory.go:34.2,34.20 1 0
github.com/stas-tsarev/dz1_order_service/inventory/internal/service/converter/inventory.go:37.84,49.2 1 0
github.com/stas-tsarev/dz1_order_service/inventory/internal/service/converter/inventory.go:51.64,58.2 1 0
github.com/stas-tsarev/dz1_order_service/inventory/internal/service/converter/inventory.go:64.87,66.2 1 0
github.com/stas-tsarev/dz1_order_service/inventory/internal/service/converter/inventory.go:68.97,70.2 1 0
github.com/stas-tsarev/dz1_order_service/inventory/internal/service/converter/inventory.go:72.107,74.2 1 0
github.com/stas-tsarev/dz1_order_service/inventory/internal/service/converter/inventory.go:76.72,78.2 1 0
github.com/stas-tsarev/dz1_order_service/inventory/internal/service/converter/inventory.go:80.96,82.35 2 0
github.com/stas-tsarev/dz1_order_service/inventory/internal/service/converter/inventory.go:82.35,84.3 1 0
github.com/stas-tsarev/dz1_order_service/inventory/internal/service/converter/inventory.go:86.2,86.20 1 0
github.com/stas-tsarev/dz1_order_service/inventory/internal/service/converter/inventory.go:89.83,101.2 1 0
github.com/stas-tsarev/dz1_order_service/inventory/internal/service/converter/inventory.go:103.89,105.52 2 0
github.com/stas-tsarev/dz1_order_service/inventory/internal/service/converter/inventory.go:105.52,107.3 1 0
github.com/stas-tsarev/dz1_order_service/inventory/internal/service/converter/inventory.go:109.2,115.3 1 0
github.com/stas-tsarev/dz1_order_service/inventory/internal/repository/inventory/createPart.go:11.93,27.2 6 0
github.com/stas-tsarev/dz1_order_service/inventory/internal/repository/inventory/getPart.go:9.82,14.9 4 0
github.com/stas-tsarev/dz1_order_service/inventory/internal/repository/inventory/getPart.go:14.9,16.3 1 0
github.com/stas-tsarev/dz1_order_service/inventory/internal/repository/inventory/getPart.go:18.2,18.22 1 0
github.com/stas-tsarev/dz1_order_service/inventory/internal/repository/inventory/listParts.go:9.100,14.30 4 0
github.com/stas-tsarev/dz1_order_service/inventory/internal/repository/inventory/listParts.go:14.30,16.3 1 0
github.com/stas-tsarev/dz1_order_service/inventory/internal/repository/inventory/listParts.go:18.2,18.19 1 0
github.com/stas-tsarev/dz1_order_service/inventory/internal/repository/inventory/listParts.go:18.19,20.3 1 0
github.com/stas-tsarev/dz1_order_service/inventory/internal/repository/inventory/listParts.go:22.2,26.22 1 0
github.com/stas-tsarev/dz1_order_service/inventory/internal/repository/inventory/listParts.go:26.22,28.3 1 0
github.com/stas-tsarev/dz1_order_service/inventory/internal/repository/inventory/listParts.go:30.2,30.44 1 0
github.com/stas-tsarev/dz1_order_service/inventory/internal/repository/inventory/listParts.go:30.44,32.37 2 0
github.com/stas-tsarev/dz1_order_service/inventory/internal/repository/inventory/listParts.go:32.37,34.4 1 0
github.com/stas-tsarev/dz1_order_service/inventory/internal/repository/inventory/listParts.go:35.3,36.30 2 0
github.com/stas-tsarev/dz1_order_service/inventory/internal/repository/inventory/listParts.go:36.30,37.26 1 0
github.com/stas-tsarev/dz1_order_service/inventory/internal/repository/inventory/listParts.go:37.26,39.5 1 0
github.com/stas-tsarev/dz1_order_service/inventory/internal/repository/inventory/listParts.go:41.3,41.17 1 0
github.com/stas-tsarev/dz1_order_service/inventory/internal/repository/inventory/listParts.go:44.2,44.44 1 0
github.com/stas-tsarev/dz1_order_service/inventory/internal/repository/inventory/listParts.go:44.44,46.37 2 0
github.com/stas-tsarev/dz1_order_service/inventory/internal/repository/inventory/listParts.go:46.37,48.4 1 0
github.com/stas-tsarev/dz1_order_service/inventory/internal/repository/inventory/listParts.go:49.3,50.30 2 0
github.com/stas-tsarev/dz1_order_service/inventory/internal/repository/inventory/listParts.go:50.30,51.31 1 0
github.com/stas-tsarev/dz1_order_service/inventory/internal/repository/inventory/listParts.go:51.31,53.5 1 0
github.com/stas-tsarev/dz1_order_service/inventory/internal/repository/inventory/listParts.go:55.3,55.17 1 0
github.com/stas-tsarev/dz1_order_service/inventory/internal/repository/inventory/listParts.go:58.2,58.52 1 0
github.com/stas-tsarev/dz1_order_service/inventory/internal/repository/inventory/listParts.go:58.52,60.46 2 0
github.com/stas-tsarev/dz1_order_service/inventory/internal/repository/inventory/listParts.go:60.46,62.4 1 0
github.com/stas-tsarev/dz1_order_service/inventory/internal/repository/inventory/listParts.go:63.3,64.30 2 0
github.com/stas-tsarev/dz1_order_service/inventory/internal/repository/inventory/listParts.go:64.30,65.48 1 0
github.com/stas-tsarev/dz1_order_service/inventory/internal/repository/inventory/listParts.go:65.48,67.5 1 0
github.com/stas-tsarev/dz1_order_service/inventory/internal/repository/inventory/listParts.go:69.3,69.17 1 0
github.com/stas-tsarev/dz1_order_service/inventory/internal/repository/inventory/listParts.go:72.2,72.60 1 0
github.com/stas-tsarev/dz1_order_service/inventory/internal/repository/inventory/listParts.go:72.60,74.56 2 0
github.com/stas-tsarev/dz1_order_service/inventory/internal/repository/inventory/listParts.go:74.56,76.4 1 0
github.com/stas-tsarev/dz1_order_service/inventory/internal/repository/inventory/listParts.go:77.3,78.30 2 0
github.com/stas-tsarev/dz1_order_service/inventory/internal/repository/inventory/listParts.go:78.30,79.50 1 0
github.com/stas-tsarev/dz1_order_service/inventory/internal/repository/inventory/listParts.go:79.50,81.5 1 0
github.com/stas-tsarev/dz1_order_service/inventory/internal/repository/inventory/listParts.go:83.3,83.17 1 0
github.com/stas-tsarev/dz1_order_service/inventory/internal/repository/inventory/listParts.go:86.2,86.43 1 0
github.com/stas-tsarev/dz1_order_service/inventory/internal/repository/inventory/listParts.go:86.43,88.35 2 0
github.com/stas-tsarev/dz1_order_service/inventory/internal/repository/inventory/listParts.go:88.35,90.4 1 0
github.com/stas-tsarev/dz1_order_service/inventory/internal/repository/inventory/listParts.go:91.3,92.30 2 0
github.com/stas-tsarev/dz1_order_service/inventory/internal/repository/inventory/listParts.go:92.30,93.36 1 0
github.com/stas-tsarev/dz1_order_service/inventory/internal/repository/inventory/listParts.go:93.36,94.36 1 0
github.com/stas-tsarev/dz1_order_service/inventory/internal/repository/inventory/listParts.go:94.36,96.11 2 0
github.com/stas-tsarev/dz1_order_service/inventory/internal/repository/inventory/listParts.go:100.3,100.17 1 0
github.com/stas-tsarev/dz1_order_service/inventory/internal/repository/inventory/listParts.go:103.2,103.21 1 0
github.com/stas-tsarev/dz1_order_service/inventory/internal/repository/inventory/listParts.go:103.21,105.3 1 0
github.com/stas-tsarev/dz1_order_service/inventory/internal/repository/inventory/listParts.go:107.2,107.19 1 0
github.com/stas-tsarev/dz1_order_service/inventory/internal/repository/inventory/repository.go:17.34,21.2 1 0
github.com/stas-tsarev/dz1_order_service/inventory/internal/repository/model/inventory.go:16.45,18.2 1 0
github.com/stas-tsarev/dz1_order_service/inventory/internal/repository/model/inventory.go:20.39,22.2 1 0
github.com/stas-tsarev/dz1_order_service/inventory/internal/repository/model/inventory.go:29.44,31.2 1 0
github.com/stas-tsarev/dz1_order_service/inventory/internal/repository/model/inventory.go:33.38,35.2 1 0
github.com/stas-tsarev/dz1_order_service/inventory/internal/repository/model/inventory.go:42.45,44.2 1 0
github.com/stas-tsarev/dz1_order_service/inventory/internal/repository/model/inventory.go:46.39,48.2 1 0
github.com/stas-tsarev/dz1_order_service/inventory/internal/repository/model/inventory.go:55.43,57.2 1 0
github.com/stas-tsarev/dz1_order_service/inventory/internal/repository/model/inventory.go:59.37,61.2 1 0
github.com/stas-tsarev/dz1_order_service/inventory/internal/repository/model/inventory.go:73.35,74.11 1 0
github.com/stas-tsarev/dz1_order_service/inventory/internal/repository/model/inventory.go:75.36,76.40 1 0
github.com/stas-tsarev/dz1_order_service/inventory/internal/repository/model/inventory.go:77.23,78.27 1 0
github.com/stas-tsarev/dz1_order_service/inventory/internal/repository/model/inventory.go:79.21,80.25 1 0
github.com/stas-tsarev/dz1_order_service/inventory/internal/repository/model/inventory.go:81.25,82.29 1 0
github.com/stas-tsarev/dz1_order_service/inventory/internal/repository/model/inventory.go:83.21,84.25 1 0
github.com/stas-tsarev/dz1_order_service/inventory/internal/repository/model/inventory.go:86.2,86.39 1 0
github.com/stas-tsarev/dz1_order_service/inventory/internal/service/model/inventory.go:16.45,18.2 1 0
github.com/stas-tsarev/dz1_order_service/inventory/internal/service/model/inventory.go:20.39,22.2 1 0
github.com/stas-tsarev/dz1_order_service/inventory/internal/service/model/inventory.go:29.44,31.2 1 0
github.com/stas-tsarev/dz1_order_service/inventory/internal/service/model/inventory.go:33.38,35.2 1 0
github.com/stas-tsarev/dz1_order_service/inventory/internal/service/model/inventory.go:42.45,44.2 1 0
github.com/stas-tsarev/dz1_order_service/inventory/internal/service/model/inventory.go:46.39,48.2 1 0
github.com/stas-tsarev/dz1_order_service/inventory/internal/service/model/inventory.go:55.43,57.2 1 0
github.com/stas-tsarev/dz1_order_service/inventory/internal/service/model/inventory.go:59.37,61.2 1 0
github.com/stas-tsarev/dz1_order_service/inventory/internal/service/model/inventory.go:73.35,74.11 1 0
github.com/stas-tsarev/dz1_order_service/inventory/internal/service/model/inventory.go:75.36,76.40 1 0
github.com/stas-tsarev/dz1_order_service/inventory/internal/service/model/inventory.go:77.23,78.27 1 0
github.com/stas-tsarev/dz1_order_service/inventory/internal/service/model/inventory.go:79.21,80.25 1 0
github.com/stas-tsarev/dz1_order_service/inventory/internal/service/model/inventory.go:81.25,82.29 1 0
github.com/stas-tsarev/dz1_order_service/inventory/internal/service/model/inventory.go:83.21,84.25 1 0
github.com/stas-tsarev/dz1_order_service/inventory/internal/service/model/inventory.go:86.2,86.39 1 0
