mode: atomic
github.com/stas-tsarev/dz1_order_service/order/internal/repository/model/order.go:13.33,14.11 1 0
github.com/stas-tsarev/dz1_order_service/order/internal/repository/model/order.go:15.42,16.46 1 0
github.com/stas-tsarev/dz1_order_service/order/internal/repository/model/order.go:17.27,18.31 1 0
github.com/stas-tsarev/dz1_order_service/order/internal/repository/model/order.go:19.26,20.30 1 0
github.com/stas-tsarev/dz1_order_service/order/internal/repository/model/order.go:21.34,22.38 1 0
github.com/stas-tsarev/dz1_order_service/order/internal/repository/model/order.go:23.37,24.41 1 0
github.com/stas-tsarev/dz1_order_service/order/internal/repository/model/order.go:26.2,26.45 1 0
github.com/stas-tsarev/dz1_order_service/order/internal/repository/order/cancelOrder.go:9.77,14.9 4 0
github.com/stas-tsarev/dz1_order_service/order/internal/repository/order/cancelOrder.go:14.9,16.3 1 0
github.com/stas-tsarev/dz1_order_service/order/internal/repository/order/cancelOrder.go:18.2,18.28 1 0
github.com/stas-tsarev/dz1_order_service/order/internal/repository/order/cancelOrder.go:18.28,20.3 1 0
github.com/stas-tsarev/dz1_order_service/order/internal/repository/order/cancelOrder.go:22.2,25.12 3 0
github.com/stas-tsarev/dz1_order_service/order/internal/repository/order/createOrder.go:10.135,27.2 5 0
github.com/stas-tsarev/dz1_order_service/order/internal/repository/order/getOrder.go:10.89,15.9 4 0
github.com/stas-tsarev/dz1_order_service/order/internal/repository/order/getOrder.go:15.9,17.3 1 0
github.com/stas-tsarev/dz1_order_service/order/internal/repository/order/getOrder.go:19.2,19.19 1 0
github.com/stas-tsarev/dz1_order_service/order/internal/repository/order/payOrder.go:10.120,16.9 4 0
github.com/stas-tsarev/dz1_order_service/order/internal/repository/order/payOrder.go:16.9,18.3 1 0
github.com/stas-tsarev/dz1_order_service/order/internal/repository/order/payOrder.go:20.2,29.12 2 0
github.com/stas-tsarev/dz1_order_service/order/internal/repository/order/repository.go:17.34,21.2 1 0
github.com/stas-tsarev/dz1_order_service/order/internal/service/converter/order.go:8.65,18.2 1 2
github.com/stas-tsarev/dz1_order_service/order/internal/service/order/cancelOrder.go:10.76,13.16 2 3
github.com/stas-tsarev/dz1_order_service/order/internal/service/order/cancelOrder.go:13.16,14.46 1 2
github.com/stas-tsarev/dz1_order_service/order/internal/service/order/cancelOrder.go:14.46,16.4 1 1
github.com/stas-tsarev/dz1_order_service/order/internal/service/order/cancelOrder.go:17.3,17.41 1 1
github.com/stas-tsarev/dz1_order_service/order/internal/service/order/cancelOrder.go:17.41,19.4 1 1
github.com/stas-tsarev/dz1_order_service/order/internal/service/order/cancelOrder.go:21.2,21.12 1 1
github.com/stas-tsarev/dz1_order_service/order/internal/service/order/createOrder.go:10.114,19.48 2 2
github.com/stas-tsarev/dz1_order_service/order/internal/service/order/createOrder.go:19.48,21.3 1 1
github.com/stas-tsarev/dz1_order_service/order/internal/service/order/createOrder.go:23.2,24.29 2 1
github.com/stas-tsarev/dz1_order_service/order/internal/service/order/createOrder.go:24.29,26.3 1 3
github.com/stas-tsarev/dz1_order_service/order/internal/service/order/createOrder.go:28.2,30.35 2 1
github.com/stas-tsarev/dz1_order_service/order/internal/service/order/getOrder.go:11.88,13.16 2 2
github.com/stas-tsarev/dz1_order_service/order/internal/service/order/getOrder.go:13.16,15.3 1 1
github.com/stas-tsarev/dz1_order_service/order/internal/service/order/getOrder.go:17.2,17.54 1 1
github.com/stas-tsarev/dz1_order_service/order/internal/service/order/payOrder.go:9.122,11.16 2 3
github.com/stas-tsarev/dz1_order_service/order/internal/service/order/payOrder.go:11.16,13.3 1 1
github.com/stas-tsarev/dz1_order_service/order/internal/service/order/payOrder.go:15.2,16.16 2 2
github.com/stas-tsarev/dz1_order_service/order/internal/service/order/payOrder.go:16.16,18.3 1 1
github.com/stas-tsarev/dz1_order_service/order/internal/service/order/payOrder.go:19.2,19.29 1 1
github.com/stas-tsarev/dz1_order_service/order/internal/service/order/service.go:21.45,27.2 1 10
github.com/stas-tsarev/dz1_order_service/order/internal/service/converter/order.go:8.65,18.2 1 0
github.com/stas-tsarev/dz1_order_service/order/internal/repository/model/order.go:13.33,14.11 1 0
github.com/stas-tsarev/dz1_order_service/order/internal/repository/model/order.go:15.42,16.46 1 0
github.com/stas-tsarev/dz1_order_service/order/internal/repository/model/order.go:17.27,18.31 1 0
github.com/stas-tsarev/dz1_order_service/order/internal/repository/model/order.go:19.26,20.30 1 0
github.com/stas-tsarev/dz1_order_service/order/internal/repository/model/order.go:21.34,22.38 1 0
github.com/stas-tsarev/dz1_order_service/order/internal/repository/model/order.go:23.37,24.41 1 0
github.com/stas-tsarev/dz1_order_service/order/internal/repository/model/order.go:26.2,26.45 1 0
github.com/stas-tsarev/dz1_order_service/order/internal/repository/order/cancelOrder.go:9.77,14.9 4 0
github.com/stas-tsarev/dz1_order_service/order/internal/repository/order/cancelOrder.go:14.9,16.3 1 0
github.com/stas-tsarev/dz1_order_service/order/internal/repository/order/cancelOrder.go:18.2,18.28 1 0
github.com/stas-tsarev/dz1_order_service/order/internal/repository/order/cancelOrder.go:18.28,20.3 1 0
github.com/stas-tsarev/dz1_order_service/order/internal/repository/order/cancelOrder.go:22.2,25.12 3 0
github.com/stas-tsarev/dz1_order_service/order/internal/repository/order/createOrder.go:10.135,27.2 5 0
github.com/stas-tsarev/dz1_order_service/order/internal/repository/order/getOrder.go:10.89,15.9 4 0
github.com/stas-tsarev/dz1_order_service/order/internal/repository/order/getOrder.go:15.9,17.3 1 0
github.com/stas-tsarev/dz1_order_service/order/internal/repository/order/getOrder.go:19.2,19.19 1 0
github.com/stas-tsarev/dz1_order_service/order/internal/repository/order/payOrder.go:10.120,16.9 4 0
github.com/stas-tsarev/dz1_order_service/order/internal/repository/order/payOrder.go:16.9,18.3 1 0
github.com/stas-tsarev/dz1_order_service/order/internal/repository/order/payOrder.go:20.2,29.12 2 0
github.com/stas-tsarev/dz1_order_service/order/internal/repository/order/repository.go:17.34,21.2 1 0
